[domicilio.campero.com/index.html]
[backblue.gif]
[fade.gif]
[index.html]
[domicilio.campero.com/favicon.png]
[ajax.googleapis.com/ajax/libs/jquery/2.2.4/jquery.min.js]
[domicilio.campero.com/Scripts/intro.min.js]
[domicilio.campero.com/Content/introjs.min.css]
[domicilio.campero.com/Content/introjs-nassim.css]
[domicilio.campero.com/Content/camperocssd9b5.css]
[cdn.jsdelivr.net/jquery.slick/1.6.0/slick.min.js]
[domicilio.campero.com/bundles/camperojsdb69]
[domicilio.campero.com/Scripts/stick-to-me.js]
[domicilio.campero.com/Content/stick-to-me.css]
[s3.amazonaws.com/ki.js/66665/fDN.js]
[domicilio.campero.com/Content/img/gif-de-swipe-1.gif]
[domicilio.campero.com/Content/img/logobottom.png]
[domicilio.campero.com/Content/img/almuerzo_03.jpg]
[domicilio.campero.com/Content/img/almuerzo_04.jpg]
[d2542wednpahnk.cloudfront.net/42998.jpg]
[domicilio.campero.com/indexbb04.html]
[d2542wednpahnk.cloudfront.net/41874.jpg]
[d2542wednpahnk.cloudfront.net/41871.jpg]
[d2542wednpahnk.cloudfront.net/41870.jpg]
[d2542wednpahnk.cloudfront.net/42013.jpg]
[d2542wednpahnk.cloudfront.net/42136.jpg]
[d2542wednpahnk.cloudfront.net/42176.jpg]
[d2542wednpahnk.cloudfront.net/41807.jpg]
[d2542wednpahnk.cloudfront.net/41948.jpg]
[d2542wednpahnk.cloudfront.net/41872.jpg]
[d2542wednpahnk.cloudfront.net/41933.jpg]
[d2542wednpahnk.cloudfront.net/853.png]
[d2542wednpahnk.cloudfront.net/3179.png]
[d2542wednpahnk.cloudfront.net/4262.png]
[d2542wednpahnk.cloudfront.net/4263.png]
[d2542wednpahnk.cloudfront.net/4264.png]
[d2542wednpahnk.cloudfront.net/4265.png]
[d2542wednpahnk.cloudfront.net/4266.png]
[d2542wednpahnk.cloudfront.net/41055.jpg]
[d2542wednpahnk.cloudfront.net/41279.jpg]
[d2542wednpahnk.cloudfront.net/41282.jpg]
[d2542wednpahnk.cloudfront.net/27419.jpg]
[d2542wednpahnk.cloudfront.net/41284.jpg]
[domicilio.campero.com/Content/img/Basket-Cart-positive-40.png]
[domicilio.campero.com/Content/img/promo.png]
[domicilio.campero.com/indexb946.html]
[domicilio.campero.com/Content/img/pollo.png]
[domicilio.campero.com/indexb31a.html]
[domicilio.campero.com/Content/img/cena.png]
[domicilio.campero.com/index3f7b.html]
[domicilio.campero.com/Content/img/pizza.png]
[domicilio.campero.com/index81ea.html]
[domicilio.campero.com/Content/img/ensalada.png]
[domicilio.campero.com/Content/img/todoscombos.png]
[domicilio.campero.com/Content/img/loading.gif]
[domicilio.campero.com/Content/img/iconerror.jpg]
[domicilio.campero.com/Content/img/1483143989_shop-13.png]
[domicilio.campero.com/Content/img/tdc.png]
[domicilio.campero.com/Content/img/logocamperito.png]
[domicilio.campero.com/Content/img/AppStore.png]
[domicilio.campero.com/Content/img/GooglePlay.png]
[domicilio.campero.com/Content/img/4501-G.jpg]
[domicilio.campero.com/index.html]
[domicilio.campero.com/Scripts/Slick/slick.min.js]
[domicilio.campero.com/Content/ajax-loader.gif]
[domicilio.campero.com/Content/fonts/slick.eot]
[domicilio.campero.com/Content/fonts/slickd41d.eot]
[domicilio.campero.com/Content/fonts/slick.woff]
[domicilio.campero.com/Content/fonts/slick.ttf]
[domicilio.campero.com/Content/img/wood-compressor.jpg]
[domicilio.campero.com/Content/fonts/fontawesome-webfont3e6e.eot]
[domicilio.campero.com/Content/fonts/fontawesome-webfontd41d.eot]
[domicilio.campero.com/Content/fonts/fontawesome-webfont3e6e.woff]
[domicilio.campero.com/Content/fonts/fontawesome-webfont3e6e.ttf]
[domicilio.campero.com/Content/camperocssd9b5.css]
[domicilio.campero.com/indexbb04.html]
[domicilio.campero.com/indexb946.html]
[domicilio.campero.com/indexb31a.html]
[domicilio.campero.com/index3f7b.html]
[domicilio.campero.com/index81ea.html]
[domicilio.campero.com/Content/fonts/fontawesome-webfont3e6e.html]
[domicilio.campero.com/Content/introjs.min.css]
[domicilio.campero.com/Content/introjs-nassim.css]
[domicilio.campero.com/bundles/camperojsdb69]
[www.googletagmanager.com/gtm5445.html]
[domicilio.campero.com/Content/stick-to-me.css]
[domicilio.campero.com/Images/640x360-Popup-website-Encanelado.html]
[domicilio.campero.com/indexbb04.html]
[domicilio.campero.com/indexb946.html]
[domicilio.campero.com/indexb31a.html]
[domicilio.campero.com/index3f7b.html]
[domicilio.campero.com/index81ea.html]
[domicilio.campero.com/Content/fonts/slick.svg]
[domicilio.campero.com/Content/fonts/fontawesome-webfont3e6e.html]
[domicilio.campero.com/Content/fonts/fontawesome-webfont3e6e.svg]
[domicilio.campero.com/Content/pattern.html]
